// Jest Snapshot v1, https://goo.gl/fbAQLP

exports[`ProductScroller should match snapshot 1`] = `
<div>
  <div
    class="relative w-full"
    data-testid="product-scroller"
  >
    <div
      class="flex h-full w-full gap-2 overflow-y-hidden overflow-x-scroll scroll-smooth scrollbar-hide"
    >
      <div>
        <div
          class="flex flex-col h-full w-48 md:w-64"
          data-testid="product-card"
          id="1"
        >
          <a
            class="rounded-md bg-muted"
            href="/products/product-1"
          >
            <img
              alt="Product 1"
              class="h-32 w-full object-contain object-center"
              data-nimg="1"
              decoding="async"
              height="100"
              loading="lazy"
              sizes="(max-width: 768px) 50vw, (max-width: 1200px) 33vw"
              src="/_next/image?url=https%3A%2F%2Fexample.com%2Fproduct1.jpg&w=3840&q=75"
              srcset="/_next/image?url=https%3A%2F%2Fexample.com%2Fproduct1.jpg&w=256&q=75 256w, /_next/image?url=https%3A%2F%2Fexample.com%2Fproduct1.jpg&w=384&q=75 384w, /_next/image?url=https%3A%2F%2Fexample.com%2Fproduct1.jpg&w=640&q=75 640w, /_next/image?url=https%3A%2F%2Fexample.com%2Fproduct1.jpg&w=750&q=75 750w, /_next/image?url=https%3A%2F%2Fexample.com%2Fproduct1.jpg&w=828&q=75 828w, /_next/image?url=https%3A%2F%2Fexample.com%2Fproduct1.jpg&w=1080&q=75 1080w, /_next/image?url=https%3A%2F%2Fexample.com%2Fproduct1.jpg&w=1200&q=75 1200w, /_next/image?url=https%3A%2F%2Fexample.com%2Fproduct1.jpg&w=1920&q=75 1920w, /_next/image?url=https%3A%2F%2Fexample.com%2Fproduct1.jpg&w=2048&q=75 2048w, /_next/image?url=https%3A%2F%2Fexample.com%2Fproduct1.jpg&w=3840&q=75 3840w"
              style="color: transparent;"
              width="100"
            />
          </a>
          <h2
            class="truncate text-left text-sm md:text-base"
          >
            Product 1
          </h2>
          <p
            class="mr-auto"
          >
            $10.99
          </p>
          <div
            class="mt-auto"
          >
            <button
              aria-disabled="false"
              class="inline-flex items-center justify-center whitespace-nowrap rounded-md text-sm font-medium ring-offset-background transition-colors focus-visible:outline-none focus-visible:ring-2 focus-visible:ring-ring focus-visible:ring-offset-2 disabled:pointer-events-none disabled:opacity-50 bg-primary text-primary-foreground hover:bg-primary/90 h-10 px-4 py-2 w-full"
            >
              Add to bag
            </button>
          </div>
        </div>
      </div>
      <div>
        <div
          class="flex flex-col h-full w-48 md:w-64"
          data-testid="product-card"
          id="2"
        >
          <a
            class="rounded-md bg-muted"
            href="/products/product-2"
          >
            <img
              alt="Product 2"
              class="h-32 w-full object-contain object-center"
              data-nimg="1"
              decoding="async"
              height="100"
              loading="lazy"
              sizes="(max-width: 768px) 50vw, (max-width: 1200px) 33vw"
              src="/_next/image?url=https%3A%2F%2Fexample.com%2Fproduct2.jpg&w=3840&q=75"
              srcset="/_next/image?url=https%3A%2F%2Fexample.com%2Fproduct2.jpg&w=256&q=75 256w, /_next/image?url=https%3A%2F%2Fexample.com%2Fproduct2.jpg&w=384&q=75 384w, /_next/image?url=https%3A%2F%2Fexample.com%2Fproduct2.jpg&w=640&q=75 640w, /_next/image?url=https%3A%2F%2Fexample.com%2Fproduct2.jpg&w=750&q=75 750w, /_next/image?url=https%3A%2F%2Fexample.com%2Fproduct2.jpg&w=828&q=75 828w, /_next/image?url=https%3A%2F%2Fexample.com%2Fproduct2.jpg&w=1080&q=75 1080w, /_next/image?url=https%3A%2F%2Fexample.com%2Fproduct2.jpg&w=1200&q=75 1200w, /_next/image?url=https%3A%2F%2Fexample.com%2Fproduct2.jpg&w=1920&q=75 1920w, /_next/image?url=https%3A%2F%2Fexample.com%2Fproduct2.jpg&w=2048&q=75 2048w, /_next/image?url=https%3A%2F%2Fexample.com%2Fproduct2.jpg&w=3840&q=75 3840w"
              style="color: transparent;"
              width="100"
            />
          </a>
          <h2
            class="truncate text-left text-sm md:text-base"
          >
            Product 2
          </h2>
          <p
            class="mr-auto"
          >
            $9.99
          </p>
          <div
            class="mt-auto"
          >
            <button
              aria-disabled="false"
              class="inline-flex items-center justify-center whitespace-nowrap rounded-md text-sm font-medium ring-offset-background transition-colors focus-visible:outline-none focus-visible:ring-2 focus-visible:ring-ring focus-visible:ring-offset-2 disabled:pointer-events-none disabled:opacity-50 bg-primary text-primary-foreground hover:bg-primary/90 h-10 px-4 py-2 w-full"
            >
              Add to bag
            </button>
          </div>
        </div>
      </div>
    </div>
    <button
      class="items-center justify-center whitespace-nowrap rounded-md text-sm font-medium ring-offset-background transition-colors focus-visible:outline-none focus-visible:ring-2 focus-visible:ring-ring focus-visible:ring-offset-2 disabled:pointer-events-none disabled:opacity-50 bg-secondary text-secondary-foreground hover:bg-secondary/80 h-10 w-10 absolute left-2 top-1/2 hidden -translate-y-1/2 md:inline-flex pointer-events-none opacity-0"
      id="scroll-left"
    >
      <svg
        class="lucide lucide-chevron-left "
        fill="none"
        height="24"
        stroke="currentColor"
        stroke-linecap="round"
        stroke-linejoin="round"
        stroke-width="2"
        viewBox="0 0 24 24"
        width="24"
        xmlns="http://www.w3.org/2000/svg"
      >
        <path
          d="m15 18-6-6 6-6"
        />
      </svg>
    </button>
    <button
      class="items-center justify-center whitespace-nowrap rounded-md text-sm font-medium ring-offset-background transition-colors focus-visible:outline-none focus-visible:ring-2 focus-visible:ring-ring focus-visible:ring-offset-2 disabled:pointer-events-none disabled:opacity-50 bg-secondary text-secondary-foreground hover:bg-secondary/80 h-10 w-10 absolute right-2 top-1/2 hidden -translate-y-1/2 md:inline-flex"
      id="scroll-right"
    >
      <svg
        class="lucide lucide-chevron-right "
        fill="none"
        height="24"
        stroke="currentColor"
        stroke-linecap="round"
        stroke-linejoin="round"
        stroke-width="2"
        viewBox="0 0 24 24"
        width="24"
        xmlns="http://www.w3.org/2000/svg"
      >
        <path
          d="m9 18 6-6-6-6"
        />
      </svg>
    </button>
  </div>
</div>
`;
